{"0":"2","1":"0","10":"T","11":"2","12":"3","13":":","14":"3","15":"7","16":":","17":"2","18":"6","19":".","2":"2","20":"3","21":"8","22":"1","23":"Z","3":"6","4":"-","5":"0","6":"5","7":"-","8":"0","9":"3","level":"error","message":"[Error]: Name is required","timestamp":"2026-05-04 00:37:26"}
{"0":"2","1":"0","10":"T","11":"2","12":"3","13":":","14":"0","15":"8","16":":","17":"2","18":"4","19":".","2":"2","20":"8","21":"1","22":"0","23":"Z","3":"6","4":"-","5":"0","6":"5","7":"-","8":"0","9":"5","level":"error","message":"[Error]: Route http://localhost:8900/favicon.ico not found","timestamp":"2026-05-06 00:08:24"}
{"0":"2","1":"0","10":"T","11":"0","12":"0","13":":","14":"1","15":"4","16":":","17":"4","18":"2","19":".","2":"2","20":"2","21":"9","22":"5","23":"Z","3":"6","4":"-","5":"0","6":"5","7":"-","8":"0","9":"9","level":"error","message":"[Error]: Cannot add or update a child row: a foreign key constraint fails (`leaverequest_api`.`user`, CONSTRAINT `user_ibfk_1` FOREIGN KEY (`roleId`) REFERENCES `role` (`id`))","timestamp":"2026-05-09 01:14:42"}
{"0":"2","1":"0","10":"T","11":"0","12":"0","13":":","14":"1","15":"6","16":":","17":"2","18":"1","19":".","2":"2","20":"1","21":"3","22":"7","23":"Z","3":"6","4":"-","5":"0","6":"5","7":"-","8":"0","9":"9","level":"error","message":"[Error]: Cannot add or update a child row: a foreign key constraint fails (`leaverequest_api`.`user`, CONSTRAINT `user_ibfk_1` FOREIGN KEY (`roleId`) REFERENCES `role` (`id`))","timestamp":"2026-05-09 01:16:21"}
{"0":"2","1":"0","10":"T","11":"0","12":"0","13":":","14":"1","15":"8","16":":","17":"4","18":"0","19":".","2":"2","20":"6","21":"8","22":"4","23":"Z","3":"6","4":"-","5":"0","6":"5","7":"-","8":"0","9":"9","level":"error","message":"[Error]: Duplicate entry 'manager@email.com' for key 'email'","timestamp":"2026-05-09 01:18:40"}
{"0":"2","1":"0","10":"T","11":"0","12":"0","13":":","14":"2","15":"2","16":":","17":"0","18":"0","19":".","2":"2","20":"2","21":"6","22":"5","23":"Z","3":"6","4":"-","5":"0","6":"5","7":"-","8":"0","9":"9","level":"error","message":"[Error]: Password must be at least 10 characters long","timestamp":"2026-05-09 01:22:00"}
{"0":"2","1":"0","10":"T","11":"0","12":"0","13":":","14":"2","15":"2","16":":","17":"0","18":"3","19":".","2":"2","20":"1","21":"9","22":"8","23":"Z","3":"6","4":"-","5":"0","6":"5","7":"-","8":"0","9":"9","level":"error","message":"[Error]: Password must be at least 10 characters long","timestamp":"2026-05-09 01:22:03"}
{"0":"2","1":"0","10":"T","11":"0","12":"2","13":":","14":"2","15":"3","16":":","17":"1","18":"2","19":".","2":"2","20":"5","21":"7","22":"6","23":"Z","3":"6","4":"-","5":"0","6":"5","7":"-","8":"0","9":"9","level":"error","message":"[Error]: Cannot read properties of undefined (reading 'email')","timestamp":"2026-05-09 03:23:12"}
{"0":"2","1":"0","10":"T","11":"0","12":"2","13":":","14":"2","15":"3","16":":","17":"3","18":"2","19":".","2":"2","20":"3","21":"5","22":"5","23":"Z","3":"6","4":"-","5":"0","6":"5","7":"-","8":"0","9":"9","level":"error","message":"[Error]: Cannot read properties of undefined (reading 'email')","timestamp":"2026-05-09 03:23:32"}
{"0":"2","1":"0","10":"T","11":"0","12":"2","13":":","14":"2","15":"5","16":":","17":"2","18":"6","19":".","2":"2","20":"3","21":"2","22":"2","23":"Z","3":"6","4":"-","5":"0","6":"5","7":"-","8":"0","9":"9","level":"error","message":"[Error]: Password incorrect","timestamp":"2026-05-09 03:25:26"}
{"0":"2","1":"0","10":"T","11":"0","12":"2","13":":","14":"2","15":"5","16":":","17":"4","18":"7","19":".","2":"2","20":"2","21":"7","22":"7","23":"Z","3":"6","4":"-","5":"0","6":"5","7":"-","8":"0","9":"9","level":"error","message":"[Error]: Password incorrect","timestamp":"2026-05-09 03:25:47"}
{"0":"2","1":"0","10":"T","11":"0","12":"2","13":":","14":"2","15":"7","16":":","17":"5","18":"6","19":".","2":"2","20":"1","21":"8","22":"5","23":"Z","3":"6","4":"-","5":"0","6":"5","7":"-","8":"0","9":"9","level":"error","message":"[Error]: User not found","timestamp":"2026-05-09 03:27:56"}
{"0":"2","1":"0","10":"T","11":"0","12":"2","13":":","14":"2","15":"8","16":":","17":"0","18":"4","19":".","2":"2","20":"9","21":"8","22":"8","23":"Z","3":"6","4":"-","5":"0","6":"5","7":"-","8":"0","9":"9","level":"error","message":"[Error]: User not found","timestamp":"2026-05-09 03:28:04"}
{"0":"2","1":"0","10":"T","11":"0","12":"2","13":":","14":"2","15":"8","16":":","17":"4","18":"1","19":".","2":"2","20":"5","21":"1","22":"7","23":"Z","3":"6","4":"-","5":"0","6":"5","7":"-","8":"0","9":"9","level":"error","message":"[Error]: Password incorrect","timestamp":"2026-05-09 03:28:41"}
{"0":"2","1":"0","10":"T","11":"0","12":"2","13":":","14":"2","15":"8","16":":","17":"4","18":"2","19":".","2":"2","20":"8","21":"1","22":"2","23":"Z","3":"6","4":"-","5":"0","6":"5","7":"-","8":"0","9":"9","level":"error","message":"[Error]: Password incorrect","timestamp":"2026-05-09 03:28:42"}
{"0":"2","1":"0","10":"T","11":"0","12":"2","13":":","14":"2","15":"8","16":":","17":"4","18":"3","19":".","2":"2","20":"8","21":"5","22":"9","23":"Z","3":"6","4":"-","5":"0","6":"5","7":"-","8":"0","9":"9","level":"error","message":"[Error]: Password incorrect","timestamp":"2026-05-09 03:28:43"}
{"level":"error","message":"Not authorised - Token is invalid","timestamp":"2026-05-09 19:36:56"}
{"0":"2","1":"0","10":"T","11":"1","12":"8","13":":","14":"3","15":"6","16":":","17":"5","18":"6","19":".","2":"2","20":"8","21":"8","22":"9","23":"Z","3":"6","4":"-","5":"0","6":"5","7":"-","8":"0","9":"9","level":"error","message":"[Error]: Not authorised - Token is invalid","timestamp":"2026-05-09 19:36:56"}
{"level":"error","message":"Not authorised - Token is invalid","timestamp":"2026-05-09 19:37:14"}
{"0":"2","1":"0","10":"T","11":"1","12":"8","13":":","14":"3","15":"7","16":":","17":"1","18":"4","19":".","2":"2","20":"4","21":"5","22":"8","23":"Z","3":"6","4":"-","5":"0","6":"5","7":"-","8":"0","9":"9","level":"error","message":"[Error]: Not authorised - Token is invalid","timestamp":"2026-05-09 19:37:14"}
{"level":"error","message":"Not authorised - Token is invalid","timestamp":"2026-05-09 19:45:57"}
{"0":"2","1":"0","10":"T","11":"1","12":"8","13":":","14":"4","15":"5","16":":","17":"5","18":"7","19":".","2":"2","20":"1","21":"0","22":"9","23":"Z","3":"6","4":"-","5":"0","6":"5","7":"-","8":"0","9":"9","level":"error","message":"[Error]: Not authorised - Token is invalid","timestamp":"2026-05-09 19:45:57"}
{"level":"error","message":"Data Source initialised","timestamp":"2026-05-10 01:45:58"}
{"level":"error","message":"Data Source initialised","timestamp":"2026-05-10 01:47:07"}{"level":"error","message":"Not authorised - Token is invalid","timestamp":"2026-05-11 19:59:32"}
{"0":"2","1":"0","10":"T","11":"1","12":"8","13":":","14":"5","15":"9","16":":","17":"3","18":"2","19":".","2":"2","20":"6","21":"1","22":"5","23":"Z","3":"6","4":"-","5":"0","6":"5","7":"-","8":"1","9":"1","level":"error","message":"[Error]: Not authorised - Token is invalid","timestamp":"2026-05-11 19:59:32"}
{"level":"error","message":"Not authorised - Token not found","timestamp":"2026-05-11 20:00:37"}
{"0":"2","1":"0","10":"T","11":"1","12":"9","13":":","14":"0","15":"0","16":":","17":"3","18":"7","19":".","2":"2","20":"3","21":"4","22":"9","23":"Z","3":"6","4":"-","5":"0","6":"5","7":"-","8":"1","9":"1","level":"error","message":"[Error]: Not authorised - Token not found","timestamp":"2026-05-11 20:00:37"}
{"level":"error","message":"Not authorised - Token not found","timestamp":"2026-05-11 20:00:52"}
{"0":"2","1":"0","10":"T","11":"1","12":"9","13":":","14":"0","15":"0","16":":","17":"5","18":"2","19":".","2":"2","20":"9","21":"4","22":"6","23":"Z","3":"6","4":"-","5":"0","6":"5","7":"-","8":"1","9":"1","level":"error","message":"[Error]: Not authorised - Token not found","timestamp":"2026-05-11 20:00:52"}
{"level":"error","message":"Not authorised - Token not found","timestamp":"2026-05-11 20:00:59"}
{"0":"2","1":"0","10":"T","11":"1","12":"9","13":":","14":"0","15":"0","16":":","17":"5","18":"9","19":".","2":"2","20":"3","21":"5","22":"4","23":"Z","3":"6","4":"-","5":"0","6":"5","7":"-","8":"1","9":"1","level":"error","message":"[Error]: Not authorised - Token not found","timestamp":"2026-05-11 20:00:59"}
{"level":"error","message":"Not authorised - Token not found","timestamp":"2026-05-11 20:01:12"}
{"0":"2","1":"0","10":"T","11":"1","12":"9","13":":","14":"0","15":"1","16":":","17":"1","18":"2","19":".","2":"2","20":"9","21":"0","22":"1","23":"Z","3":"6","4":"-","5":"0","6":"5","7":"-","8":"1","9":"1","level":"error","message":"[Error]: Not authorised - Token not found","timestamp":"2026-05-11 20:01:12"}
{"level":"error","message":"Not authorised - Token not found","timestamp":"2026-05-11 20:01:30"}
{"0":"2","1":"0","10":"T","11":"1","12":"9","13":":","14":"0","15":"1","16":":","17":"3","18":"0","19":".","2":"2","20":"3","21":"7","22":"4","23":"Z","3":"6","4":"-","5":"0","6":"5","7":"-","8":"1","9":"1","level":"error","message":"[Error]: Not authorised - Token not found","timestamp":"2026-05-11 20:01:30"}
{"level":"error","message":"Not authorised - Token not found","timestamp":"2026-05-11 20:01:44"}
{"0":"2","1":"0","10":"T","11":"1","12":"9","13":":","14":"0","15":"1","16":":","17":"4","18":"4","19":".","2":"2","20":"0","21":"7","22":"3","23":"Z","3":"6","4":"-","5":"0","6":"5","7":"-","8":"1","9":"1","level":"error","message":"[Error]: Not authorised - Token not found","timestamp":"2026-05-11 20:01:44"}
{"0":"2","1":"0","10":"T","11":"1","12":"9","13":":","14":"0","15":"8","16":":","17":"2","18":"6","19":".","2":"2","20":"2","21":"0","22":"3","23":"Z","3":"6","4":"-","5":"0","6":"5","7":"-","8":"1","9":"1","level":"error","message":"[Error]: Admins only","timestamp":"2026-05-11 20:08:26"}
{"level":"error","message":"Not authorised - Token not found","timestamp":"2026-05-11 20:08:40"}
{"0":"2","1":"0","10":"T","11":"1","12":"9","13":":","14":"0","15":"8","16":":","17":"4","18":"0","19":".","2":"2","20":"3","21":"1","22":"8","23":"Z","3":"6","4":"-","5":"0","6":"5","7":"-","8":"1","9":"1","level":"error","message":"[Error]: Not authorised - Token not found","timestamp":"2026-05-11 20:08:40"}
{"0":"2","1":"0","10":"T","11":"1","12":"9","13":":","14":"0","15":"9","16":":","17":"1","18":"5","19":".","2":"2","20":"0","21":"1","22":"3","23":"Z","3":"6","4":"-","5":"0","6":"5","7":"-","8":"1","9":"1","level":"error","message":"[Error]: Admins only","timestamp":"2026-05-11 20:09:15"}
{"0":"2","1":"0","10":"T","11":"1","12":"9","13":":","14":"1","15":"9","16":":","17":"4","18":"6","19":".","2":"2","20":"0","21":"5","22":"9","23":"Z","3":"6","4":"-","5":"0","6":"5","7":"-","8":"1","9":"1","level":"error","message":"[Error]: Admins only","timestamp":"2026-05-11 20:19:46"}
{"0":"2","1":"0","10":"T","11":"1","12":"9","13":":","14":"2","15":"0","16":":","17":"0","18":"3","19":".","2":"2","20":"5","21":"1","22":"0","23":"Z","3":"6","4":"-","5":"0","6":"5","7":"-","8":"1","9":"1","level":"error","message":"[Error]: Admins only","timestamp":"2026-05-11 20:20:03"}
{"0":"2","1":"0","10":"T","11":"1","12":"9","13":":","14":"2","15":"9","16":":","17":"5","18":"8","19":".","2":"2","20":"2","21":"8","22":"3","23":"Z","3":"6","4":"-","5":"0","6":"5","7":"-","8":"1","9":"1","level":"error","message":"[Error]: Admins only","timestamp":"2026-05-11 20:29:58"}
{"0":"2","1":"0","10":"T","11":"1","12":"9","13":":","14":"3","15":"0","16":":","17":"0","18":"2","19":".","2":"2","20":"4","21":"5","22":"4","23":"Z","3":"6","4":"-","5":"0","6":"5","7":"-","8":"1","9":"1","level":"error","message":"[Error]: Admins only","timestamp":"2026-05-11 20:30:02"}
{"0":"2","1":"0","10":"T","11":"1","12":"9","13":":","14":"3","15":"2","16":":","17":"5","18":"2","19":".","2":"2","20":"2","21":"3","22":"9","23":"Z","3":"6","4":"-","5":"0","6":"5","7":"-","8":"1","9":"1","level":"error","message":"[Error]: Admins only","timestamp":"2026-05-11 20:32:52"}
{"0":"2","1":"0","10":"T","11":"1","12":"9","13":":","14":"3","15":"3","16":":","17":"3","18":"3","19":".","2":"2","20":"5","21":"8","22":"5","23":"Z","3":"6","4":"-","5":"0","6":"5","7":"-","8":"1","9":"1","level":"error","message":"[Error]: Admins only","timestamp":"2026-05-11 20:33:33"}
{"0":"2","1":"0","10":"T","11":"1","12":"9","13":":","14":"3","15":"6","16":":","17":"2","18":"4","19":".","2":"2","20":"9","21":"9","22":"8","23":"Z","3":"6","4":"-","5":"0","6":"5","7":"-","8":"1","9":"1","level":"error","message":"[Error]: Admins only","timestamp":"2026-05-11 20:36:24"}
{"0":"2","1":"0","10":"T","11":"1","12":"9","13":":","14":"3","15":"6","16":":","17":"2","18":"8","19":".","2":"2","20":"9","21":"1","22":"6","23":"Z","3":"6","4":"-","5":"0","6":"5","7":"-","8":"1","9":"1","level":"error","message":"[Error]: Admins only","timestamp":"2026-05-11 20:36:28"}
{"0":"2","1":"0","10":"T","11":"1","12":"9","13":":","14":"3","15":"6","16":":","17":"3","18":"4","19":".","2":"2","20":"3","21":"6","22":"8","23":"Z","3":"6","4":"-","5":"0","6":"5","7":"-","8":"1","9":"1","level":"error","message":"[Error]: Admins only","timestamp":"2026-05-11 20:36:34"}
{"0":"2","1":"0","10":"T","11":"1","12":"9","13":":","14":"3","15":"6","16":":","17":"4","18":"3","19":".","2":"2","20":"9","21":"4","22":"0","23":"Z","3":"6","4":"-","5":"0","6":"5","7":"-","8":"1","9":"1","level":"error","message":"[Error]: Admins only","timestamp":"2026-05-11 20:36:43"}
{"0":"2","1":"0","10":"T","11":"2","12":"0","13":":","14":"3","15":"7","16":":","17":"2","18":"2","19":".","2":"2","20":"5","21":"3","22":"7","23":"Z","3":"6","4":"-","5":"0","6":"5","7":"-","8":"1","9":"1","level":"error","message":"[Error]: Admins only","timestamp":"2026-05-11 21:37:22"}
{"0":"2","1":"0","10":"T","11":"2","12":"0","13":":","14":"3","15":"7","16":":","17":"3","18":"1","19":".","2":"2","20":"0","21":"5","22":"2","23":"Z","3":"6","4":"-","5":"0","6":"5","7":"-","8":"1","9":"1","level":"error","message":"[Error]: User requires a Firstname, User requires a surname","timestamp":"2026-05-11 21:37:31"}
{"0":"2","1":"0","10":"T","11":"2","12":"0","13":":","14":"4","15":"0","16":":","17":"3","18":"8","19":".","2":"2","20":"1","21":"9","22":"2","23":"Z","3":"6","4":"-","5":"0","6":"5","7":"-","8":"1","9":"1","level":"error","message":"[Error]: Duplicate entry 'staff1@email.com' for key 'email'","timestamp":"2026-05-11 21:40:38"}
{"0":"2","1":"0","10":"T","11":"2","12":"1","13":":","14":"1","15":"7","16":":","17":"3","18":"6","19":".","2":"2","20":"8","21":"5","22":"0","23":"Z","3":"6","4":"-","5":"0","6":"5","7":"-","8":"1","9":"1","level":"error","message":"[Error]: User not found","timestamp":"2026-05-11 22:17:36"}
{"0":"2","1":"0","10":"T","11":"2","12":"1","13":":","14":"1","15":"7","16":":","17":"5","18":"1","19":".","2":"2","20":"8","21":"4","22":"6","23":"Z","3":"6","4":"-","5":"0","6":"5","7":"-","8":"1","9":"1","level":"error","message":"[Error]: Password must be at least 10 characters long,Password cannot be empty or whitespace,password must be a string","timestamp":"2026-05-11 22:17:51"}
{"0":"2","1":"0","10":"T","11":"2","12":"1","13":":","14":"1","15":"8","16":":","17":"3","18":"4","19":".","2":"2","20":"9","21":"9","22":"5","23":"Z","3":"6","4":"-","5":"0","6":"5","7":"-","8":"1","9":"1","level":"error","message":"[Error]: Password must be at least 10 characters long,Password cannot be empty or whitespace,password must be a string","timestamp":"2026-05-11 22:18:34"}
{"0":"2","1":"0","10":"T","11":"2","12":"1","13":":","14":"2","15":"0","16":":","17":"3","18":"2","19":".","2":"2","20":"8","21":"8","22":"1","23":"Z","3":"6","4":"-","5":"0","6":"5","7":"-","8":"1","9":"1","level":"error","message":"[Error]: Password must be at least 10 characters long,Password cannot be empty or whitespace,password must be a string","timestamp":"2026-05-11 22:20:32"}
{"0":"2","1":"0","10":"T","11":"2","12":"1","13":":","14":"2","15":"3","16":":","17":"4","18":"1","19":".","2":"2","20":"4","21":"1","22":"7","23":"Z","3":"6","4":"-","5":"0","6":"5","7":"-","8":"1","9":"1","level":"error","message":"[Error]: Password must be at least 10 characters long,Password cannot be empty or whitespace,password must be a string","timestamp":"2026-05-11 22:23:41"}
{"level":"error","message":"Expected ',' or '}' after property value in JSON at position 24 (line 3 column 5)","timestamp":"2026-05-11 23:27:03"}
{"0":"2","1":"0","10":"T","11":"2","12":"2","13":":","14":"2","15":"7","16":":","17":"0","18":"3","19":".","2":"2","20":"6","21":"6","22":"2","23":"Z","3":"6","4":"-","5":"0","6":"5","7":"-","8":"1","9":"1","level":"error","message":"[Error]: Expected ',' or '}' after property value in JSON at position 24 (line 3 column 5)","timestamp":"2026-05-11 23:27:03"}
{"0":"2","1":"0","10":"T","11":"2","12":"2","13":":","14":"3","15":"6","16":":","17":"3","18":"3","19":".","2":"2","20":"8","21":"9","22":"5","23":"Z","3":"6","4":"-","5":"0","6":"5","7":"-","8":"1","9":"1","level":"error","message":"[Error]: Failed to retrieve user management records: Table 'leaverequest_api.user_management' doesn't exist","timestamp":"2026-05-11 23:36:33"}
{"0":"2","1":"0","10":"T","11":"2","12":"2","13":":","14":"3","15":"6","16":":","17":"4","18":"2","19":".","2":"2","20":"3","21":"4","22":"0","23":"Z","3":"6","4":"-","5":"0","6":"5","7":"-","8":"1","9":"1","level":"error","message":"[Error]: Table 'leaverequest_api.user_management' doesn't exist","timestamp":"2026-05-11 23:36:42"}
{"level":"error","message":"Not authorised - Token is invalid","timestamp":"2026-05-12 02:28:47"}
{"0":"2","1":"0","10":"T","11":"0","12":"1","13":":","14":"2","15":"8","16":":","17":"4","18":"7","19":".","2":"2","20":"4","21":"0","22":"4","23":"Z","3":"6","4":"-","5":"0","6":"5","7":"-","8":"1","9":"2","level":"error","message":"[Error]: Not authorised - Token is invalid","timestamp":"2026-05-12 02:28:47"}
{"level":"error","message":"Not authorised - Token is invalid","timestamp":"2026-05-12 02:29:03"}
{"0":"2","1":"0","10":"T","11":"0","12":"1","13":":","14":"2","15":"9","16":":","17":"0","18":"3","19":".","2":"2","20":"1","21":"1","22":"8","23":"Z","3":"6","4":"-","5":"0","6":"5","7":"-","8":"1","9":"2","level":"error","message":"[Error]: Not authorised - Token is invalid","timestamp":"2026-05-12 02:29:03"}
{"level":"error","message":"Not authorised - Token is invalid","timestamp":"2026-05-12 02:29:16"}
{"0":"2","1":"0","10":"T","11":"0","12":"1","13":":","14":"2","15":"9","16":":","17":"1","18":"6","19":".","2":"2","20":"6","21":"0","22":"8","23":"Z","3":"6","4":"-","5":"0","6":"5","7":"-","8":"1","9":"2","level":"error","message":"[Error]: Not authorised - Token is invalid","timestamp":"2026-05-12 02:29:16"}
{"level":"error","message":"Not authorised - Token is invalid","timestamp":"2026-05-12 02:29:35"}
{"0":"2","1":"0","10":"T","11":"0","12":"1","13":":","14":"2","15":"9","16":":","17":"3","18":"5","19":".","2":"2","20":"7","21":"5","22":"4","23":"Z","3":"6","4":"-","5":"0","6":"5","7":"-","8":"1","9":"2","level":"error","message":"[Error]: Not authorised - Token is invalid","timestamp":"2026-05-12 02:29:35"}
{"0":"2","1":"0","10":"T","11":"0","12":"1","13":":","14":"3","15":"2","16":":","17":"0","18":"2","19":".","2":"2","20":"5","21":"1","22":"5","23":"Z","3":"6","4":"-","5":"0","6":"5","7":"-","8":"1","9":"2","level":"error","message":"[Error]: Admins only","timestamp":"2026-05-12 02:32:02"}
{"0":"2","1":"0","10":"T","11":"0","12":"1","13":":","14":"3","15":"2","16":":","17":"0","18":"9","19":".","2":"2","20":"4","21":"6","22":"0","23":"Z","3":"6","4":"-","5":"0","6":"5","7":"-","8":"1","9":"2","level":"error","message":"[Error]: You have an error in your SQL syntax; check the manual that corresponds to your MariaDB server version for the right syntax to use near ':end OR `leaveRequest`.`endDate` >= :start' at line 1","timestamp":"2026-05-12 02:32:09"}
{"0":"2","1":"0","10":"T","11":"0","12":"1","13":":","14":"3","15":"4","16":":","17":"1","18":"1","19":".","2":"2","20":"3","21":"0","22":"7","23":"Z","3":"6","4":"-","5":"0","6":"5","7":"-","8":"1","9":"2","level":"error","message":"[Error]: Table 'leaverequest_api.leave_request' doesn't exist","timestamp":"2026-05-12 02:34:11"}
{"0":"2","1":"0","10":"T","11":"0","12":"1","13":":","14":"3","15":"4","16":":","17":"5","18":"2","19":".","2":"2","20":"5","21":"1","22":"8","23":"Z","3":"6","4":"-","5":"0","6":"5","7":"-","8":"1","9":"2","level":"error","message":"[Error]: Leave Type is required","timestamp":"2026-05-12 02:34:52"}
{"0":"2","1":"0","10":"T","11":"0","12":"1","13":":","14":"3","15":"4","16":":","17":"5","18":"2","19":".","2":"2","20":"5","21":"4","22":"1","23":"Z","3":"6","4":"-","5":"0","6":"5","7":"-","8":"1","9":"2","level":"error","message":"[Error]: Cannot set headers after they are sent to the client","timestamp":"2026-05-12 02:34:52"}
{"level":"error","message":"Cannot set headers after they are sent to the client","timestamp":"2026-05-12 02:34:52"}
{"0":"2","1":"0","10":"T","11":"0","12":"1","13":":","14":"3","15":"4","16":":","17":"5","18":"2","19":".","2":"2","20":"5","21":"4","22":"2","23":"Z","3":"6","4":"-","5":"0","6":"5","7":"-","8":"1","9":"2","level":"error","message":"[Error]: Cannot set headers after they are sent to the client","timestamp":"2026-05-12 02:34:52"}
{"0":"2","1":"0","10":"T","11":"0","12":"1","13":":","14":"3","15":"9","16":":","17":"0","18":"6","19":".","2":"2","20":"8","21":"7","22":"2","23":"Z","3":"6","4":"-","5":"0","6":"5","7":"-","8":"1","9":"2","level":"error","message":"[Error]: Date range of request overlaps with existing request","timestamp":"2026-05-12 02:39:06"}
{"0":"2","1":"0","10":"T","11":"0","12":"1","13":":","14":"3","15":"9","16":":","17":"0","18":"6","19":".","2":"2","20":"8","21":"8","22":"9","23":"Z","3":"6","4":"-","5":"0","6":"5","7":"-","8":"1","9":"2","level":"error","message":"[Error]: Cannot set headers after they are sent to the client","timestamp":"2026-05-12 02:39:06"}
{"level":"error","message":"Cannot set headers after they are sent to the client","timestamp":"2026-05-12 02:39:06"}
{"0":"2","1":"0","10":"T","11":"0","12":"1","13":":","14":"3","15":"9","16":":","17":"0","18":"6","19":".","2":"2","20":"8","21":"9","22":"0","23":"Z","3":"6","4":"-","5":"0","6":"5","7":"-","8":"1","9":"2","level":"error","message":"[Error]: Cannot set headers after they are sent to the client","timestamp":"2026-05-12 02:39:06"}
{"0":"2","1":"0","10":"T","11":"0","12":"1","13":":","14":"4","15":"3","16":":","17":"1","18":"1","19":".","2":"2","20":"0","21":"4","22":"6","23":"Z","3":"6","4":"-","5":"0","6":"5","7":"-","8":"1","9":"2","level":"error","message":"[Error]: Date range of request overlaps with existing request","timestamp":"2026-05-12 02:43:11"}
{"0":"2","1":"0","10":"T","11":"0","12":"1","13":":","14":"4","15":"3","16":":","17":"1","18":"1","19":".","2":"2","20":"0","21":"5","22":"0","23":"Z","3":"6","4":"-","5":"0","6":"5","7":"-","8":"1","9":"2","level":"error","message":"[Error]: Cannot set headers after they are sent to the client","timestamp":"2026-05-12 02:43:11"}
{"level":"error","message":"Cannot set headers after they are sent to the client","timestamp":"2026-05-12 02:43:11"}
{"0":"2","1":"0","10":"T","11":"0","12":"1","13":":","14":"4","15":"3","16":":","17":"1","18":"1","19":".","2":"2","20":"0","21":"5","22":"0","23":"Z","3":"6","4":"-","5":"0","6":"5","7":"-","8":"1","9":"2","level":"error","message":"[Error]: Cannot set headers after they are sent to the client","timestamp":"2026-05-12 02:43:11"}
{"0":"2","1":"0","10":"T","11":"0","12":"1","13":":","14":"5","15":"4","16":":","17":"1","18":"7","19":".","2":"2","20":"0","21":"1","22":"5","23":"Z","3":"6","4":"-","5":"0","6":"5","7":"-","8":"1","9":"2","level":"error","message":"[Error]: Date range of request overlaps with existing request","timestamp":"2026-05-12 02:54:17"}
{"0":"2","1":"0","10":"T","11":"0","12":"1","13":":","14":"5","15":"4","16":":","17":"1","18":"7","19":".","2":"2","20":"0","21":"2","22":"1","23":"Z","3":"6","4":"-","5":"0","6":"5","7":"-","8":"1","9":"2","level":"error","message":"[Error]: Cannot set headers after they are sent to the client","timestamp":"2026-05-12 02:54:17"}
{"level":"error","message":"Cannot set headers after they are sent to the client","timestamp":"2026-05-12 02:54:17"}
{"0":"2","1":"0","10":"T","11":"0","12":"1","13":":","14":"5","15":"4","16":":","17":"1","18":"7","19":".","2":"2","20":"0","21":"2","22":"1","23":"Z","3":"6","4":"-","5":"0","6":"5","7":"-","8":"1","9":"2","level":"error","message":"[Error]: Cannot set headers after they are sent to the client","timestamp":"2026-05-12 02:54:17"}
{"0":"2","1":"0","10":"T","11":"0","12":"1","13":":","14":"5","15":"9","16":":","17":"3","18":"8","19":".","2":"2","20":"4","21":"6","22":"6","23":"Z","3":"6","4":"-","5":"0","6":"5","7":"-","8":"1","9":"2","level":"error","message":"[Error]: Date range of request overlaps with existing request","timestamp":"2026-05-12 02:59:38"}
{"0":"2","1":"0","10":"T","11":"0","12":"2","13":":","14":"0","15":"0","16":":","17":"1","18":"1","19":".","2":"2","20":"2","21":"1","22":"1","23":"Z","3":"6","4":"-","5":"0","6":"5","7":"-","8":"1","9":"2","level":"error","message":"[Error]: Date range of request overlaps with existing request","timestamp":"2026-05-12 03:00:11"}
